// Jest Snapshot v1, https://goo.gl/fbAQLP

exports[`renders Delete Letter page correctly 1`] = `
<DocumentFragment>
  <div
    class="deleteLetter"
    data-testid="deleteLetter"
    style="align-items: center; display: flex; flex-direction: column;"
  >
    <div
      class="card"
      style="width: 25rem; padding: 1rem; margin: 5px; background-color: rgb(40, 40, 40); display: flex; justify-content: center; align-items: center;"
    >
      <div
        class="card-body"
      >
        <div
          class="card-title h5"
          style="color: white; font-weight: bold;"
        />
        <div
          class="mb-2 text-muted card-subtitle h6"
        />
        <p
          class="card-text"
          style="color: white;"
        />
        <div
          class="mb-2 text-muted card-subtitle h6"
        >
          Not Delivered
        </div>
      </div>
      <button
        class="btn btn-primary"
        data-testid="deleteButton"
        type="button"
      >
        Confirm Delete
      </button>
    </div>
  </div>
</DocumentFragment>
`;
